../Core/Src/remote.c:58:6:SysTick_Init	4	static
../Core/Src/remote.c:64:6:SysTick_Handler	4	static
../Core/Src/remote.c:65:6:delay	24	static
../Core/Src/remote.c:72:6:spi_init	4	static
../Core/Src/remote.c:105:6:spi1_transmit	24	static
../Core/Src/remote.c:124:6:spi1_receive	16	static
../Core/Src/remote.c:137:6:CS_Select	4	static
../Core/Src/remote.c:138:6:CS_UnSelect	4	static
../Core/Src/remote.c:139:6:CE_Enable	4	static
../Core/Src/remote.c:140:6:CE_Disable	4	static
../Core/Src/remote.c:143:6:nrf24_WriteReg	24	static
../Core/Src/remote.c:152:6:nrf24_WriteRegMulti	32	static
../Core/Src/remote.c:161:9:nrf24_ReadReg	24	static
../Core/Src/remote.c:172:6:nrf24_ReadReg_Multi	32	static
../Core/Src/remote.c:181:6:nrfsendCmd	16	static
../Core/Src/remote.c:189:6:ncs_cs_init	4	static
../Core/Src/remote.c:206:6:led_init	4	static
../Core/Src/remote.c:212:6:led_on	4	static
../Core/Src/remote.c:213:6:led_off	4	static
../Core/Src/remote.c:214:6:toggle_led	4	static
../Core/Src/remote.c:217:6:nrf24_reset	40	static
../Core/Src/remote.c:266:6:NRF24_Init	8	static
../Core/Src/remote.c:287:6:NRF24_TxMode	24	static
../Core/Src/remote.c:309:9:NRF24_Transmit	24	static
../Core/Src/remote.c:347:6:ADC_Init	4	static
../Core/Src/remote.c:379:10:ADC_Read	16	static
../Core/Src/remote.c:390:10:Convert_throttle	24	static
../Core/Src/remote.c:424:9:Convert_Yaw	32	static
../Core/Src/remote.c:451:9:Convert_Roll_Pitch	32	static
../Core/Src/remote.c:476:5:main	24	static
