../Core/Src/NRF24.c:24:6:CS_Select	4	static
../Core/Src/NRF24.c:25:6:CS_UnSelect	4	static
../Core/Src/NRF24.c:26:6:CE_Enable	4	static
../Core/Src/NRF24.c:27:6:CE_Disable	4	static
../Core/Src/NRF24.c:30:6:nrf24_WriteReg	24	static
../Core/Src/NRF24.c:39:6:nrf24_WriteRegMulti	32	static
../Core/Src/NRF24.c:48:9:nrf24_ReadReg	24	static
../Core/Src/NRF24.c:59:6:nrf24_ReadReg_Multi	32	static
../Core/Src/NRF24.c:68:6:nrfsendCmd	16	static
../Core/Src/NRF24.c:76:6:ncs_cs_init	4	static
../Core/Src/NRF24.c:95:6:led_init	4	static
../Core/Src/NRF24.c:102:6:led_on	4	static
../Core/Src/NRF24.c:107:6:led_off	4	static
../Core/Src/NRF24.c:112:6:toggle_led	4	static
../Core/Src/NRF24.c:119:6:nrf24_reset	40	static
../Core/Src/NRF24.c:171:6:NRF24_Init	8	static
../Core/Src/NRF24.c:192:6:NRF24_RxMode	24	static
../Core/Src/NRF24.c:218:9:isDataAvailable	24	static
../Core/Src/NRF24.c:232:6:NRF24_Receive	24	static
../Core/Src/NRF24.c:248:9:NRF24_Transmit	24	static
