Archive member included to satisfy reference by file (symbol)

C:/ST/STM32CubeIDE_1.19.0/STM32CubeIDE/plugins/com.st.stm32cube.ide.mcu.externaltools.gnu-tools-for-stm32.13.3.rel1.win32_1.0.0.202411081344/tools/bin/../lib/gcc/arm-none-eabi/13.3.1/../../../../arm-none-eabi/lib/thumb/v7-m/nofp\libc_nano.a(libc_a-exit.o)
                              C:/ST/STM32CubeIDE_1.19.0/STM32CubeIDE/plugins/com.st.stm32cube.ide.mcu.externaltools.gnu-tools-for-stm32.13.3.rel1.win32_1.0.0.202411081344/tools/bin/../lib/gcc/arm-none-eabi/13.3.1/../../../../arm-none-eabi/lib/thumb/v7-m/nofp/crt0.o (exit)
C:/ST/STM32CubeIDE_1.19.0/STM32CubeIDE/plugins/com.st.stm32cube.ide.mcu.externaltools.gnu-tools-for-stm32.13.3.rel1.win32_1.0.0.202411081344/tools/bin/../lib/gcc/arm-none-eabi/13.3.1/../../../../arm-none-eabi/lib/thumb/v7-m/nofp\libc_nano.a(libc_a-findfp.o)
                              C:/ST/STM32CubeIDE_1.19.0/STM32CubeIDE/plugins/com.st.stm32cube.ide.mcu.externaltools.gnu-tools-for-stm32.13.3.rel1.win32_1.0.0.202411081344/tools/bin/../lib/gcc/arm-none-eabi/13.3.1/../../../../arm-none-eabi/lib/thumb/v7-m/nofp\libc_nano.a(libc_a-exit.o) (__stdio_exit_handler)
C:/ST/STM32CubeIDE_1.19.0/STM32CubeIDE/plugins/com.st.stm32cube.ide.mcu.externaltools.gnu-tools-for-stm32.13.3.rel1.win32_1.0.0.202411081344/tools/bin/../lib/gcc/arm-none-eabi/13.3.1/../../../../arm-none-eabi/lib/thumb/v7-m/nofp\libc_nano.a(libc_a-fwalk.o)
                              C:/ST/STM32CubeIDE_1.19.0/STM32CubeIDE/plugins/com.st.stm32cube.ide.mcu.externaltools.gnu-tools-for-stm32.13.3.rel1.win32_1.0.0.202411081344/tools/bin/../lib/gcc/arm-none-eabi/13.3.1/../../../../arm-none-eabi/lib/thumb/v7-m/nofp\libc_nano.a(libc_a-findfp.o) (_fwalk_sglue)
C:/ST/STM32CubeIDE_1.19.0/STM32CubeIDE/plugins/com.st.stm32cube.ide.mcu.externaltools.gnu-tools-for-stm32.13.3.rel1.win32_1.0.0.202411081344/tools/bin/../lib/gcc/arm-none-eabi/13.3.1/../../../../arm-none-eabi/lib/thumb/v7-m/nofp\libc_nano.a(libc_a-stdio.o)
                              C:/ST/STM32CubeIDE_1.19.0/STM32CubeIDE/plugins/com.st.stm32cube.ide.mcu.externaltools.gnu-tools-for-stm32.13.3.rel1.win32_1.0.0.202411081344/tools/bin/../lib/gcc/arm-none-eabi/13.3.1/../../../../arm-none-eabi/lib/thumb/v7-m/nofp\libc_nano.a(libc_a-findfp.o) (__sread)
C:/ST/STM32CubeIDE_1.19.0/STM32CubeIDE/plugins/com.st.stm32cube.ide.mcu.externaltools.gnu-tools-for-stm32.13.3.rel1.win32_1.0.0.202411081344/tools/bin/../lib/gcc/arm-none-eabi/13.3.1/../../../../arm-none-eabi/lib/thumb/v7-m/nofp\libc_nano.a(libc_a-memset.o)
                              C:/ST/STM32CubeIDE_1.19.0/STM32CubeIDE/plugins/com.st.stm32cube.ide.mcu.externaltools.gnu-tools-for-stm32.13.3.rel1.win32_1.0.0.202411081344/tools/bin/../lib/gcc/arm-none-eabi/13.3.1/../../../../arm-none-eabi/lib/thumb/v7-m/nofp/crt0.o (memset)
C:/ST/STM32CubeIDE_1.19.0/STM32CubeIDE/plugins/com.st.stm32cube.ide.mcu.externaltools.gnu-tools-for-stm32.13.3.rel1.win32_1.0.0.202411081344/tools/bin/../lib/gcc/arm-none-eabi/13.3.1/../../../../arm-none-eabi/lib/thumb/v7-m/nofp\libc_nano.a(libc_a-closer.o)
                              C:/ST/STM32CubeIDE_1.19.0/STM32CubeIDE/plugins/com.st.stm32cube.ide.mcu.externaltools.gnu-tools-for-stm32.13.3.rel1.win32_1.0.0.202411081344/tools/bin/../lib/gcc/arm-none-eabi/13.3.1/../../../../arm-none-eabi/lib/thumb/v7-m/nofp\libc_nano.a(libc_a-stdio.o) (_close_r)
C:/ST/STM32CubeIDE_1.19.0/STM32CubeIDE/plugins/com.st.stm32cube.ide.mcu.externaltools.gnu-tools-for-stm32.13.3.rel1.win32_1.0.0.202411081344/tools/bin/../lib/gcc/arm-none-eabi/13.3.1/../../../../arm-none-eabi/lib/thumb/v7-m/nofp\libc_nano.a(libc_a-reent.o)
                              C:/ST/STM32CubeIDE_1.19.0/STM32CubeIDE/plugins/com.st.stm32cube.ide.mcu.externaltools.gnu-tools-for-stm32.13.3.rel1.win32_1.0.0.202411081344/tools/bin/../lib/gcc/arm-none-eabi/13.3.1/../../../../arm-none-eabi/lib/thumb/v7-m/nofp\libc_nano.a(libc_a-closer.o) (errno)
C:/ST/STM32CubeIDE_1.19.0/STM32CubeIDE/plugins/com.st.stm32cube.ide.mcu.externaltools.gnu-tools-for-stm32.13.3.rel1.win32_1.0.0.202411081344/tools/bin/../lib/gcc/arm-none-eabi/13.3.1/../../../../arm-none-eabi/lib/thumb/v7-m/nofp\libc_nano.a(libc_a-impure.o)
                              C:/ST/STM32CubeIDE_1.19.0/STM32CubeIDE/plugins/com.st.stm32cube.ide.mcu.externaltools.gnu-tools-for-stm32.13.3.rel1.win32_1.0.0.202411081344/tools/bin/../lib/gcc/arm-none-eabi/13.3.1/../../../../arm-none-eabi/lib/thumb/v7-m/nofp\libc_nano.a(libc_a-reent.o) (_impure_ptr)
C:/ST/STM32CubeIDE_1.19.0/STM32CubeIDE/plugins/com.st.stm32cube.ide.mcu.externaltools.gnu-tools-for-stm32.13.3.rel1.win32_1.0.0.202411081344/tools/bin/../lib/gcc/arm-none-eabi/13.3.1/../../../../arm-none-eabi/lib/thumb/v7-m/nofp\libc_nano.a(libc_a-lseekr.o)
[...]
Memory Configuration

Name             Origin             Length             Attributes
RAM              0x20000000         0x00005000         xrw
FLASH            0x08000000         0x00010000         xr
*default*        0x00000000         0xffffffff

Linker script and memory map

LOAD C:/ST/STM32CubeIDE_1.19.0/STM32CubeIDE/plugins/com.st.stm32cube.ide.mcu.externaltools.gnu-tools-for-stm32.13.3.rel1.win32_1.0.0.202411081344/tools/bin/../lib/gcc/arm-none-eabi/13.3.1/thumb/v7-m/nofp/crti.o
LOAD C:/ST/STM32CubeIDE_1.19.0/STM32CubeIDE/plugins/com.st.stm32cube.ide.mcu.externaltools.gnu-tools-for-stm32.13.3.rel1.win32_1.0.0.202411081344/tools/bin/../lib/gcc/arm-none-eabi/13.3.1/thumb/v7-m/nofp/crtbegin.o
LOAD C:/ST/STM32CubeIDE_1.19.0/STM32CubeIDE/plugins/com.st.stm32cube.ide.mcu.externaltools.gnu-tools-for-stm32.13.3.rel1.win32_1.0.0.202411081344/tools/bin/../lib/gcc/arm-none-eabi/13.3.1/../../../../arm-none-eabi/lib/thumb/v7-m/nofp/crt0.o
LOAD ./Core/Src/Drone_final.o
LOAD ./Core/Src/NRF24.o
LOAD ./Core/Src/i2c.o
LOAD ./Core/Src/mpu6050.o
LOAD ./Core/Src/pid.o
LOAD ./Core/Src/spi.o
LOAD ./Core/Src/stm32f1xx_hal_msp.o
LOAD ./Core/Src/syscalls.o
LOAD ./Core/Src/sysmem.o
LOAD ./Core/Src/system_stm32f1xx.o
LOAD ./Core/Src/timer.o
LOAD ./Core/Startup/startup_stm32f103c8tx.o
LOAD ./Drivers/STM32F1xx_HAL_Driver/stm32f1xx_hal.o
LOAD ./Drivers/STM32F1xx_HAL_Driver/stm32f1xx_hal_cortex.o
LOAD ./Drivers/STM32F1xx_HAL_Driver/stm32f1xx_hal_dma.o
LOAD ./Drivers/STM32F1xx_HAL_Driver/stm32f1xx_hal_exti.o
LOAD ./Drivers/STM32F1xx_HAL_Driver/stm32f1xx_hal_flash.o
LOAD ./Drivers/STM32F1xx_HAL_Driver/stm32f1xx_hal_flash_ex.o
LOAD ./Drivers/STM32F1xx_HAL_Driver/stm32f1xx_hal_gpio.o
LOAD ./Drivers/STM32F1xx_HAL_Driver/stm32f1xx_hal_gpio_ex.o
LOAD ./Drivers/STM32F1xx_HAL_Driver/stm32f1xx_hal_i2c.o
LOAD ./Drivers/STM32F1xx_HAL_Driver/stm32f1xx_hal_pwr.o
LOAD ./Drivers/STM32F1xx_HAL_Driver/stm32f1xx_hal_rcc.o
LOAD ./Drivers/STM32F1xx_HAL_Driver/stm32f1xx_hal_rcc_ex.o
START GROUP
LOAD C:/ST/STM32CubeIDE_1.19.0/STM32CubeIDE/plugins/com.st.stm32cube.ide.mcu.externaltools.gnu-tools-for-stm32.13.3.rel1.win32_1.0.0.202411081344/tools/bin/../lib/gcc/arm-none-eabi/13.3.1/../../../../arm-none-eabi/lib/thumb/v7-m/nofp\libc_nano.a
LOAD C:/ST/STM32CubeIDE_1.19.0/STM32CubeIDE/plugins/com.st.stm32cube.ide.mcu.externaltools.gnu-tools-for-stm32.13.3.rel1.win32_1.0.0.202411081344/tools/bin/../lib/gcc/arm-none-eabi/13.3.1/../../../../arm-none-eabi/lib/thumb/v7-m/nofp\libm.a
END GROUP
START GROUP
LOAD C:/ST/STM32CubeIDE_1.19.0/STM32CubeIDE/plugins/com.st.stm32cube.ide.mcu.externaltools.gnu-tools-for-stm32.13.3.rel1.win32_1.0.0.202411081344/tools/bin/../lib/gcc/arm-none-eabi/13.3.1/thumb/v7-m/nofp\libgcc.a
LOAD C:/ST/STM32CubeIDE_1.19.0/STM32CubeIDE/plugins/com.st.stm32cube.ide.mcu.externaltools.gnu-tools-for-stm32.13.3.rel1.win32_1.0.0.202411081344/tools/bin/../lib/gcc/arm-none-eabi/13.3.1/../../../../arm-none-eabi/lib/thumb/v7-m/nofp\libc_nano.a
END GROUP
START GROUP
LOAD C:/ST/STM32CubeIDE_1.19.0/STM32CubeIDE/plugins/com.st.stm32cube.ide.mcu.externaltools.gnu-tools-for-stm32.13.3.rel1.win32_1.0.0.202411081344/tools/bin/../lib/gcc/arm-none-eabi/13.3.1/thumb/v7-m/nofp\libgcc.a
LOAD C:/ST/STM32CubeIDE_1.19.0/STM32CubeIDE/plugins/com.st.stm32cube.ide.mcu.externaltools.gnu-tools-for-stm32.13.3.rel1.win32_1.0.0.202411081344/tools/bin/../lib/gcc/arm-none-eabi/13.3.1/../../../../arm-none-eabi/lib/thumb/v7-m/nofp\libc_nano.a
LOAD C:/ST/STM32CubeIDE_1.19.0/STM32CubeIDE/plugins/com.st.stm32cube.ide.mcu.externaltools.gnu-tools-for-stm32.13.3.rel1.win32_1.0.0.202411081344/tools/bin/../lib/gcc/arm-none-eabi/13.3.1/../../../../arm-none-eabi/lib/thumb/v7-m/nofp\libnosys.a
END GROUP
START GROUP
LOAD C:/ST/STM32CubeIDE_1.19.0/STM32CubeIDE/plugins/com.st.stm32cube.ide.mcu.externaltools.gnu-tools-for-stm32.13.3.rel1.win32_1.0.0.202411081344/tools/bin/../lib/gcc/arm-none-eabi/13.3.1/thumb/v7-m/nofp\libgcc.a
LOAD C:/ST/STM32CubeIDE_1.19.0/STM32CubeIDE/plugins/com.st.stm32cube.ide.mcu.externaltools.gnu-tools-for-stm32.13.3.rel1.win32_1.0.0.202411081344/tools/bin/../lib/gcc/arm-none-eabi/13.3.1/../../../../arm-none-eabi/lib/thumb/v7-m/nofp\libc_nano.a
LOAD C:/ST/STM32CubeIDE_1.19.0/STM32CubeIDE/plugins/com.st.stm32cube.ide.mcu.externaltools.gnu-tools-for-stm32.13.3.rel1.win32_1.0.0.202411081344/tools/bin/../lib/gcc/arm-none-eabi/13.3.1/../../../../arm-none-eabi/lib/thumb/v7-m/nofp\libnosys.a
END GROUP
LOAD C:/ST/STM32CubeIDE_1.19.0/STM32CubeIDE/plugins/com.st.stm32cube.ide.mcu.externaltools.gnu-tools-for-stm32.13.3.rel1.win32_1.0.0.202411081344/tools/bin/../lib/gcc/arm-none-eabi/13.3.1/thumb/v7-m/nofp/crtend.o
LOAD C:/ST/STM32CubeIDE_1.19.0/STM32CubeIDE/plugins/com.st.stm32cube.ide.mcu.externaltools.gnu-tools-for-stm32.13.3.rel1.win32_1.0.0.202411081344/tools/bin/../lib/gcc/arm-none-eabi/13.3.1/thumb/v7-m/nofp/crtn.o
                0x20005000                        _estack = (ORIGIN (RAM) + LENGTH (RAM))
                0x00000200                        _Min_Heap_Size = 0x200
                0x00000400                        _Min_Stack_Size = 0x400

.isr_vector     0x08000000      0x10c
                0x08000000                        . = ALIGN (0x4)
 *(.isr_vector)
 .isr_vector    0x08000000      0x10c ./Core/Startup/startup_stm32f103c8tx.o
                0x08000000                g_pfnVectors
                0x0800010c                        . = ALIGN (0x4)

.text           0x08000110     0x2ec0
                0x08000110                        . = ALIGN (0x4)
 *(.text)
 .text          0x08000110       0x40 C:/ST/STM32CubeIDE_1.19.0/STM32CubeIDE/plugins/com.st.stm32cube.ide.mcu.externaltools.gnu-tools-for-stm32.13.3.rel1.win32_1.0.0.202411081344/tools/bin/../lib/gcc/arm-none-eabi/13.3.1/thumb/v7-m/nofp/crtbegin.o
 .text          0x08000150      0x378 C:/ST/STM32CubeIDE_1.19.0/STM32CubeIDE/plugins/com.st.stm32cube.ide.mcu.externaltools.gnu-tools-for-stm32.13.3.rel1.win32_1.0.0.202411081344/tools/bin/../lib/gcc/arm-none-eabi/13.3.1/thumb/v7-m/nofp\libgcc.a(_arm_addsubdf3.o)
                0x08000150                __aeabi_drsub
                0x08000158                __aeabi_dsub
                0x08000158                __subdf3
                0x0800015c                __aeabi_dadd
                0x0800015c                __adddf3
                0x080003d4                __floatunsidf
                0x080003d4                __aeabi_ui2d
                0x080003f4                __floatsidf
                0x080003f4                __aeabi_i2d
                0x08000418                __aeabi_f2d
                0x08000418                __extendsfdf2
                0x0800045c                __floatundidf
                0x0800045c                __aeabi_ul2d
                0x0800046c                __floatdidf
                0x0800046c                __aeabi_l2d
 .text          0x080004c8      0x424 C:/ST/STM32CubeIDE_1.19.0/STM32CubeIDE/plugins/com.st.stm32cube.ide.mcu.externaltools.gnu-tools-for-stm32.13.3.rel1.win32_1.0.0.202411081344/tools/bin/../lib/gcc/arm-none-eabi/13.3.1/thumb/v7-m/nofp\libgcc.a(_arm_muldivdf3.o)
                0x080004c8                __aeabi_dmul
                0x080004c8                __muldf3
                0x0800071c                __divdf3
                0x0800071c                __aeabi_ddiv
 .text          0x080008ec      0x110 C:/ST/STM32CubeIDE_1.19.0/STM32CubeIDE/plugins/com.st.stm32cube.ide.mcu.externaltools.gnu-tools-for-stm32.13.3.rel1.win32_1.0.0.202411081344/tools/bin/../lib/gcc/arm-none-eabi/13.3.1/thumb/v7-m/nofp\libgcc.a(_arm_cmpdf2.o)
                0x080008ec                __gtdf2
                0x080008ec                __gedf2
                0x080008f4                __ltdf2
                0x080008f4                __ledf2
                0x080008fc                __nedf2
                0x080008fc                __eqdf2
                0x080008fc                __cmpdf2
                0x08000978                __aeabi_cdrcmple
                0x08000988                __aeabi_cdcmpeq
                0x08000988                __aeabi_cdcmple
                0x08000998                __aeabi_dcmpeq
                0x080009ac                __aeabi_dcmplt
                0x080009c0                __aeabi_dcmple
                0x080009d4                __aeabi_dcmpge
                0x080009e8                __aeabi_dcmpgt
 .text          0x080009fc       0x2c C:/ST/STM32CubeIDE_1.19.0/STM32CubeIDE/plugins/com.st.stm32cube.ide.mcu.externaltools.gnu-tools-for-stm32.13.3.rel1.win32_1.0.0.202411081344/tools/bin/../lib/gcc/arm-none-eabi/13.3.1/thumb/v7-m/nofp\libgcc.a(_arm_unorddf2.o)
                0x080009fc                __unorddf2
                0x080009fc                __aeabi_dcmpun
 .text          0x08000a28       0xa0 C:/ST/STM32CubeIDE_1.19.0/STM32CubeIDE/plugins/com.st.stm32cube.ide.mcu.externaltools.gnu-tools-for-stm32.13.3.rel1.win32_1.0.0.202411081344/tools/bin/../lib/gcc/arm-none-eabi/13.3.1/thumb/v7-m/nofp\libgcc.a(_arm_truncdfsf2.o)
                0x08000a28                __truncdfsf2
                0x08000a28                __aeabi_d2f
 .text          0x08000ac8      0x21c C:/ST/STM32CubeIDE_1.19.0/STM32CubeIDE/plugins/com.st.stm32cube.ide.mcu.externaltools.gnu-tools-for-stm32.13.3.rel1.win32_1.0.0.202411081344/tools/bin/../lib/gcc/arm-none-eabi/13.3.1/thumb/v7-m/nofp\libgcc.a(_arm_addsubsf3.o)
                0x08000ac8                __aeabi_frsub
                0x08000ad0                __subsf3
                0x08000ad0                __aeabi_fsub
                0x08000ad4                __aeabi_fadd
                0x08000ad4                __addsf3
                0x08000c34                __aeabi_ui2f
                0x08000c34                __floatunsisf
                0x08000c3c                __aeabi_i2f
                0x08000c3c                __floatsisf
                0x08000c58                __aeabi_ul2f
                0x08000c58                __floatundisf
                0x08000c68                __aeabi_l2f
                0x08000c68                __floatdisf
 .text          0x08000ce4      0x2a0 C:/ST/STM32CubeIDE_1.19.0/STM32CubeIDE/plugins/com.st.stm32cube.ide.mcu.externaltools.gnu-tools-for-stm32.13.3.rel1.win32_1.0.0.202411081344/tools/bin/../lib/gcc/arm-none-eabi/13.3.1/thumb/v7-m/nofp\libgcc.a(_arm_muldivsf3.o)
                0x08000ce4                __mulsf3
                0x08000ce4                __aeabi_fmul
                0x08000e4c                __aeabi_fdiv
                0x08000e4c                __divsf3
 .text          0x08000f84       0xec C:/ST/STM32CubeIDE_1.19.0/STM32CubeIDE/plugins/com.st.stm32cube.ide.mcu.externaltools.gnu-tools-for-stm32.13.3.rel1.win32_1.0.0.202411081344/tools/bin/../lib/gcc/arm-none-eabi/13.3.1/thumb/v7-m/nofp\libgcc.a(_arm_cmpsf2.o)
                0x08000f84                __gesf2
                0x08000f84                __gtsf2
                0x08000f8c                __lesf2
                0x08000f8c                __ltsf2
                0x08000f94                __nesf2
                0x08000f94                __eqsf2
                0x08000f94                __cmpsf2
                0x08000ff4                __aeabi_cfrcmple
                0x08000ffc                __aeabi_cfcmpeq
                0x08000ffc                __aeabi_cfcmple
                0x0800100c                __aeabi_fcmpeq
                0x08001020                __aeabi_fcmplt
                0x08001034                __aeabi_fcmple
                0x08001048                __aeabi_fcmpge
                0x0800105c                __aeabi_fcmpgt
 .text          0x08001070       0x40 C:/ST/STM32CubeIDE_1.19.0/STM32CubeIDE/plugins/com.st.stm32cube.ide.mcu.externaltools.gnu-tools-for-stm32.13.3.rel1.win32_1.0.0.202411081344/tools/bin/../lib/gcc/arm-none-eabi/13.3.1/thumb/v7-m/nofp\libgcc.a(_arm_fixunssfsi.o)
                0x08001070                __fixunssfsi
                0x08001070                __aeabi_f2uiz
 *(.text*)
 .text.SysTick_Init
                0x080010b0       0x24 ./Core/Src/Drone_final.o
                0x080010b0                SysTick_Init
 .text.SysTick_Handler
                0x080010d4       0x1c ./Core/Src/Drone_final.o
                0x080010d4                SysTick_Handler
 .text.PWM_init
                0x080010f0      0x160 ./Core/Src/Drone_final.o
                0x080010f0                PWM_init
 .text.Duty_PWM
                0x08001250       0x64 ./Core/Src/Drone_final.o
                0x08001250                Duty_PWM
 .text.Handle_Data
                0x080012b4       0x30 ./Core/Src/Drone_final.o
                0x080012b4                Handle_Data
 .text.main     0x080012e4      0x16c ./Core/Src/Drone_final.o
                0x080012e4                main
 .text.CS_Select
                0x08001450       0x18 ./Core/Src/NRF24.o
                0x08001450                CS_Select
 .text.CS_UnSelect
                0x08001468       0x18 ./Core/Src/NRF24.o
                0x08001468                CS_UnSelect
 .text.CE_Enable
                0x08001480       0x18 ./Core/Src/NRF24.o
                0x08001480                CE_Enable
 .text.CE_Disable
                0x08001498       0x18 ./Core/Src/NRF24.o
                0x08001498                CE_Disable
 .text.nrf24_WriteReg
                0x080014b0       0x4a ./Core/Src/NRF24.o
                0x080014b0                nrf24_WriteReg
 .text.nrf24_WriteRegMulti
                0x080014fa       0x48 ./Core/Src/NRF24.o
                0x080014fa                nrf24_WriteRegMulti
 .text.nrf24_ReadReg
                0x08001542       0x42 ./Core/Src/NRF24.o
                0x08001542                nrf24_ReadReg
 .text.nrfsendCmd
                0x08001584       0x24 ./Core/Src/NRF24.o
                0x08001584                nrfsendCmd
 .text.ncs_cs_init
                0x080015a8       0x60 ./Core/Src/NRF24.o
                0x080015a8                ncs_cs_init
 .text.led_init
                0x08001608       0x38 ./Core/Src/NRF24.o
                0x08001608                led_init
 .text.led_on   0x08001640       0x18 ./Core/Src/NRF24.o
                0x08001640                led_on
 .text.led_off  0x08001658       0x18 ./Core/Src/NRF24.o
                0x08001658                led_off
 .text.nrf24_reset
                0x08001670      0x14c ./Core/Src/NRF24.o
                0x08001670                nrf24_reset
 .text.NRF24_Init
                0x080017bc       0x52 ./Core/Src/NRF24.o
                0x080017bc                NRF24_Init
 .text.NRF24_RxMode
                0x0800180e       0x7e ./Core/Src/NRF24.o
                0x0800180e                NRF24_RxMode
 .text.isDataAvailable
                0x0800188c       0x32 ./Core/Src/NRF24.o
                0x0800188c                isDataAvailable
 .text.NRF24_Receive
                0x080018be       0x46 ./Core/Src/NRF24.o
                0x080018be                NRF24_Receive
 .text.i2c_init
                0x08001904       0x8c ./Core/Src/i2c.o
                0x08001904                i2c_init
 .text.i2c_WriteByte
                0x08001990      0x12c ./Core/Src/i2c.o
                0x08001990                i2c_WriteByte
 .text.i2c_ReadMulti
                0x08001abc      0x268 ./Core/Src/i2c.o
                0x08001abc                i2c_ReadMulti
 .text.MPU6050Init
                0x08001d24       0x4c ./Core/Src/mpu6050.o
                0x08001d24                MPU6050Init
 .text.MPU6050_Read_G
                0x08001d70       0xcc ./Core/Src/mpu6050.o
                0x08001d70                MPU6050_Read_G
 .text.MPU_Read_A
                0x08001e3c       0xd0 ./Core/Src/mpu6050.o
                0x08001e3c                MPU_Read_A
 *fill*         0x08001f0c        0x4 
 .text.Filter   0x08001f10      0x1c4 ./Core/Src/mpu6050.o
                0x08001f10                Filter
 .text.PID_Init
                0x080020d4       0xfc ./Core/Src/pid.o
                0x080020d4                PID_Init
 .text.nonlinear_error
                0x080021d0       0x74 ./Core/Src/pid.o
                0x080021d0                nonlinear_error
 .text.PID_Update
                0x08002244      0x184 ./Core/Src/pid.o
                0x08002244                PID_Update
 .text.throttleScale
                0x080023c8       0x80 ./Core/Src/pid.o
                0x080023c8                throttleScale
 .text.limit    0x08002448       0x48 ./Core/Src/pid.o
                0x08002448                limit
 .text.vongDieuKhien
                0x08002490      0x248 ./Core/Src/pid.o
                0x08002490                vongDieuKhien
 .text.PID_Reset
                0x080026d8       0x32 ./Core/Src/pid.o
                0x080026d8                PID_Reset
 *fill*         0x0800270a        0x2 
 .text.spi_init
                0x0800270c       0x7c ./Core/Src/spi.o
                0x0800270c                spi_init
 .text.spi1_transmit
                0x08002788       0x74 ./Core/Src/spi.o
                0x08002788                spi1_transmit
 .text.spi1_receive
                0x080027fc       0x4c ./Core/Src/spi.o
                0x080027fc                spi1_receive
 .text.SystemInit
                0x08002848        0xc ./Core/Src/system_stm32f1xx.o
                0x08002848                SystemInit
 .text.Reset_Handler
                0x08002854       0x48 ./Core/Startup/startup_stm32f103c8tx.o
                0x08002854                Reset_Handler
 .text.Default_Handler
                0x0800289c        0x2 ./Core/Startup/startup_stm32f103c8tx.o
                0x0800289c                RTC_Alarm_IRQHandler
                0x0800289c                EXTI2_IRQHandler
                0x0800289c                DebugMon_Handler
                0x0800289c                TIM1_CC_IRQHandler
                0x0800289c                HardFault_Handler
                0x0800289c                PVD_IRQHandler
                0x0800289c                PendSV_Handler
                0x0800289c                NMI_Handler
                0x0800289c                EXTI3_IRQHandler
                0x0800289c                EXTI0_IRQHandler
                0x0800289c                I2C2_EV_IRQHandler
                0x0800289c                UsageFault_Handler
                0x0800289c                ADC1_2_IRQHandler
                0x0800289c                SPI1_IRQHandler
                0x0800289c                TAMPER_IRQHandler
                0x0800289c                DMA1_Channel4_IRQHandler
                0x0800289c                USART3_IRQHandler
                0x0800289c                RTC_IRQHandler
                0x0800289c                DMA1_Channel7_IRQHandler
                0x0800289c                CAN1_RX1_IRQHandler
                0x0800289c                TIM4_IRQHandler
                0x0800289c                I2C1_EV_IRQHandler
                0x0800289c                DMA1_Channel6_IRQHandler
                0x0800289c                TIM3_IRQHandler
                0x0800289c                RCC_IRQHandler
                0x0800289c                TIM1_TRG_COM_IRQHandler
                0x0800289c                DMA1_Channel1_IRQHandler
                0x0800289c                Default_Handler
                0x0800289c                EXTI15_10_IRQHandler
                0x0800289c                EXTI9_5_IRQHandler
                0x0800289c                SPI2_IRQHandler
                0x0800289c                MemManage_Handler
                0x0800289c                SVC_Handler
                0x0800289c                DMA1_Channel5_IRQHandler
                0x0800289c                EXTI4_IRQHandler
                0x0800289c                USB_LP_CAN1_RX0_IRQHandler
                0x0800289c                USB_HP_CAN1_TX_IRQHandler
                0x0800289c                DMA1_Channel3_IRQHandler
                0x0800289c                TIM1_UP_IRQHandler
                0x0800289c                WWDG_IRQHandler
                0x0800289c                TIM2_IRQHandler
                0x0800289c                TIM1_BRK_IRQHandler
                0x0800289c                EXTI1_IRQHandler
                0x0800289c                USART2_IRQHandler
                0x0800289c                I2C2_ER_IRQHandler
                0x0800289c                DMA1_Channel2_IRQHandler
                0x0800289c                CAN1_SCE_IRQHandler
                0x0800289c                FLASH_IRQHandler
                0x0800289c                BusFault_Handler
                0x0800289c                USART1_IRQHandler
                0x0800289c                I2C1_ER_IRQHandler
                0x0800289c                USBWakeUp_IRQHandler
 *fill*         0x0800289e        0x2 
 .text.__errno  0x080028a0        0xc C:/ST/STM32CubeIDE_1.19.0/STM32CubeIDE/plugins/com.st.stm32cube.ide.mcu.externaltools.gnu-tools-for-stm32.13.3.rel1.win32_1.0.0.202411081344/tools/bin/../lib/gcc/arm-none-eabi/13.3.1/../../../../arm-none-eabi/lib/thumb/v7-m/nofp\libc_nano.a(libc_a-errno.o)
                0x080028a0                __errno
 .text.__libc_init_array
                0x080028ac       0x48 C:/ST/STM32CubeIDE_1.19.0/STM32CubeIDE/plugins/com.st.stm32cube.ide.mcu.externaltools.gnu-tools-for-stm32.13.3.rel1.win32_1.0.0.202411081344/tools/bin/../lib/gcc/arm-none-eabi/13.3.1/../../../../arm-none-eabi/lib/thumb/v7-m/nofp\libc_nano.a(libc_a-init.o)
                0x080028ac                __libc_init_array
 .text.atan2    0x080028f4        0x4 C:/ST/STM32CubeIDE_1.19.0/STM32CubeIDE/plugins/com.st.stm32cube.ide.mcu.externaltools.gnu-tools-for-stm32.13.3.rel1.win32_1.0.0.202411081344/tools/bin/../lib/gcc/arm-none-eabi/13.3.1/../../../../arm-none-eabi/lib/thumb/v7-m/nofp\libm.a(libm_a-w_atan2.o)
                0x080028f4                atan2
 .text.sqrt     0x080028f8       0x48 C:/ST/STM32CubeIDE_1.19.0/STM32CubeIDE/plugins/com.st.stm32cube.ide.mcu.externaltools.gnu-tools-for-stm32.13.3.rel1.win32_1.0.0.202411081344/tools/bin/../lib/gcc/arm-none-eabi/13.3.1/../../../../arm-none-eabi/lib/thumb/v7-m/nofp\libm.a(libm_a-w_sqrt.o)
                0x080028f8                sqrt
 .text.__ieee754_sqrt
                0x08002940      0x1a4 C:/ST/STM32CubeIDE_1.19.0/STM32CubeIDE/plugins/com.st.stm32cube.ide.mcu.externaltools.gnu-tools-for-stm32.13.3.rel1.win32_1.0.0.202411081344/tools/bin/../lib/gcc/arm-none-eabi/13.3.1/../../../../arm-none-eabi/lib/thumb/v7-m/nofp\libm.a(libm_a-e_sqrt.o)
                0x08002940                __ieee754_sqrt
 *fill*         0x08002ae4        0x4 
 .text.__ieee754_atan2
                0x08002ae8      0x1a4 C:/ST/STM32CubeIDE_1.19.0/STM32CubeIDE/plugins/com.st.stm32cube.ide.mcu.externaltools.gnu-tools-for-stm32.13.3.rel1.win32_1.0.0.202411081344/tools/bin/../lib/gcc/arm-none-eabi/13.3.1/../../../../arm-none-eabi/lib/thumb/v7-m/nofp\libm.a(libm_a-e_atan2.o)
                0x08002ae8                __ieee754_atan2
 *fill*         0x08002c8c        0x4 
 .text.atan     0x08002c90      0x320 C:/ST/STM32CubeIDE_1.19.0/STM32CubeIDE/plugins/com.st.stm32cube.ide.mcu.externaltools.gnu-tools-for-stm32.13.3.rel1.win32_1.0.0.202411081344/tools/bin/../lib/gcc/arm-none-eabi/13.3.1/../../../../arm-none-eabi/lib/thumb/v7-m/nofp\libm.a(libm_a-s_atan.o)
                0x08002c90                atan
 .text.fabs     0x08002fb0        0x8 C:/ST/STM32CubeIDE_1.19.0/STM32CubeIDE/plugins/com.st.stm32cube.ide.mcu.externaltools.gnu-tools-for-stm32.13.3.rel1.win32_1.0.0.202411081344/tools/bin/../lib/gcc/arm-none-eabi/13.3.1/../../../../arm-none-eabi/lib/thumb/v7-m/nofp\libm.a(libm_a-s_fabs.o)
                0x08002fb0                fabs
 *(.glue_7)
 .glue_7        0x08002fb8        0x0 linker stubs
 *(.glue_7t)
 .glue_7t       0x08002fb8        0x0 linker stubs
 *(.eh_frame)
 .eh_frame      0x08002fb8        0x0 C:/ST/STM32CubeIDE_1.19.0/STM32CubeIDE/plugins/com.st.stm32cube.ide.mcu.externaltools.gnu-tools-for-stm32.13.3.rel1.win32_1.0.0.202411081344/tools/bin/../lib/gcc/arm-none-eabi/13.3.1/thumb/v7-m/nofp/crtbegin.o
 *(.init)
 .init          0x08002fb8        0x4 C:/ST/STM32CubeIDE_1.19.0/STM32CubeIDE/plugins/com.st.stm32cube.ide.mcu.externaltools.gnu-tools-for-stm32.13.3.rel1.win32_1.0.0.202411081344/tools/bin/../lib/gcc/arm-none-eabi/13.3.1/thumb/v7-m/nofp/crti.o
                0x08002fb8                _init
 .init          0x08002fbc        0x8 C:/ST/STM32CubeIDE_1.19.0/STM32CubeIDE/plugins/com.st.stm32cube.ide.mcu.externaltools.gnu-tools-for-stm32.13.3.rel1.win32_1.0.0.202411081344/tools/bin/../lib/gcc/arm-none-eabi/13.3.1/thumb/v7-m/nofp/crtn.o
 *(.fini)
 .fini          0x08002fc4        0x4 C:/ST/STM32CubeIDE_1.19.0/STM32CubeIDE/plugins/com.st.stm32cube.ide.mcu.externaltools.gnu-tools-for-stm32.13.3.rel1.win32_1.0.0.202411081344/tools/bin/../lib/gcc/arm-none-eabi/13.3.1/thumb/v7-m/nofp/crti.o
                0x08002fc4                _fini
 .fini          0x08002fc8        0x8 C:/ST/STM32CubeIDE_1.19.0/STM32CubeIDE/plugins/com.st.stm32cube.ide.mcu.externaltools.gnu-tools-for-stm32.13.3.rel1.win32_1.0.0.202411081344/tools/bin/../lib/gcc/arm-none-eabi/13.3.1/thumb/v7-m/nofp/crtn.o
                0x08002fd0                        . = ALIGN (0x4)
                0x08002fd0                        _etext = .

.vfp11_veneer   0x08002fd0        0x0
 .vfp11_veneer  0x08002fd0        0x0 linker stubs

.v4_bx          0x08002fd0        0x0
 .v4_bx         0x08002fd0        0x0 linker stubs

.iplt           0x08002fd0        0x0
 .iplt          0x08002fd0        0x0 C:/ST/STM32CubeIDE_1.19.0/STM32CubeIDE/plugins/com.st.stm32cube.ide.mcu.externaltools.gnu-tools-for-stm32.13.3.rel1.win32_1.0.0.202411081344/tools/bin/../lib/gcc/arm-none-eabi/13.3.1/thumb/v7-m/nofp/crtbegin.o

.rodata         0x08002fd0       0x98
                0x08002fd0                        . = ALIGN (0x4)
 *(.rodata)
 .rodata        0x08002fd0        0x5 ./Core/Src/Drone_final.o
 *fill*         0x08002fd5        0x3 
 .rodata        0x08002fd8        0xd ./Core/Src/NRF24.o
 *(.rodata*)
 *fill*         0x08002fe5        0x3 
 .rodata.tiny   0x08002fe8        0x8 C:/ST/STM32CubeIDE_1.19.0/STM32CubeIDE/plugins/com.st.stm32cube.ide.mcu.externaltools.gnu-tools-for-stm32.13.3.rel1.win32_1.0.0.202411081344/tools/bin/../lib/gcc/arm-none-eabi/13.3.1/../../../../arm-none-eabi/lib/thumb/v7-m/nofp\libm.a(libm_a-e_sqrt.o)
 .rodata.one    0x08002ff0        0x8 C:/ST/STM32CubeIDE_1.19.0/STM32CubeIDE/plugins/com.st.stm32cube.ide.mcu.externaltools.gnu-tools-for-stm32.13.3.rel1.win32_1.0.0.202411081344/tools/bin/../lib/gcc/arm-none-eabi/13.3.1/../../../../arm-none-eabi/lib/thumb/v7-m/nofp\libm.a(libm_a-e_sqrt.o)
 .rodata.CSWTCH.9
                0x08002ff8       0x18 C:/ST/STM32CubeIDE_1.19.0/STM32CubeIDE/plugins/com.st.stm32cube.ide.mcu.externaltools.gnu-tools-for-stm32.13.3.rel1.win32_1.0.0.202411081344/tools/bin/../lib/gcc/arm-none-eabi/13.3.1/../../../../arm-none-eabi/lib/thumb/v7-m/nofp\libm.a(libm_a-e_atan2.o)
 .rodata.CSWTCH.8
                0x08003010       0x18 C:/ST/STM32CubeIDE_1.19.0/STM32CubeIDE/plugins/com.st.stm32cube.ide.mcu.externaltools.gnu-tools-for-stm32.13.3.rel1.win32_1.0.0.202411081344/tools/bin/../lib/gcc/arm-none-eabi/13.3.1/../../../../arm-none-eabi/lib/thumb/v7-m/nofp\libm.a(libm_a-e_atan2.o)
 .rodata.atanlo
                0x08003028       0x20 C:/ST/STM32CubeIDE_1.19.0/STM32CubeIDE/plugins/com.st.stm32cube.ide.mcu.externaltools.gnu-tools-for-stm32.13.3.rel1.win32_1.0.0.202411081344/tools/bin/../lib/gcc/arm-none-eabi/13.3.1/../../../../arm-none-eabi/lib/thumb/v7-m/nofp\libm.a(libm_a-s_atan.o)
 .rodata.atanhi
                0x08003048       0x20 C:/ST/STM32CubeIDE_1.19.0/STM32CubeIDE/plugins/com.st.stm32cube.ide.mcu.externaltools.gnu-tools-for-stm32.13.3.rel1.win32_1.0.0.202411081344/tools/bin/../lib/gcc/arm-none-eabi/13.3.1/../../../../arm-none-eabi/lib/thumb/v7-m/nofp\libm.a(libm_a-s_atan.o)
                0x08003068                        . = ALIGN (0x4)

.ARM.extab      0x08003068        0x0
                0x08003068                        . = ALIGN (0x4)
 *(.ARM.extab* .gnu.linkonce.armextab.*)
                0x08003068                        . = ALIGN (0x4)

.ARM            0x08003068        0x0
                0x08003068                        . = ALIGN (0x4)
                0x08003068                        __exidx_start = .
 *(.ARM.exidx*)
                0x08003068                        __exidx_end = .
                0x08003068                        . = ALIGN (0x4)

.preinit_array  0x08003068        0x0
                0x08003068                        . = ALIGN (0x4)
                0x08003068                        PROVIDE (__preinit_array_start = .)
 *(.preinit_array*)
                0x08003068                        PROVIDE (__preinit_array_end = .)
                0x08003068                        . = ALIGN (0x4)

.init_array     0x08003068        0x4
                0x08003068                        . = ALIGN (0x4)
                0x08003068                        PROVIDE (__init_array_start = .)
 *(SORT_BY_NAME(.init_array.*))
 *(.init_array*)
 .init_array    0x08003068        0x4 C:/ST/STM32CubeIDE_1.19.0/STM32CubeIDE/plugins/com.st.stm32cube.ide.mcu.externaltools.gnu-tools-for-stm32.13.3.rel1.win32_1.0.0.202411081344/tools/bin/../lib/gcc/arm-none-eabi/13.3.1/thumb/v7-m/nofp/crtbegin.o
                0x0800306c                        PROVIDE (__init_array_end = .)
                0x0800306c                        . = ALIGN (0x4)

.fini_array     0x0800306c        0x4
                0x0800306c                        . = ALIGN (0x4)
                [!provide]                        PROVIDE (__fini_array_start = .)
 *(SORT_BY_NAME(.fini_array.*))
 *(.fini_array*)
 .fini_array    0x0800306c        0x4 C:/ST/STM32CubeIDE_1.19.0/STM32CubeIDE/plugins/com.st.stm32cube.ide.mcu.externaltools.gnu-tools-for-stm32.13.3.rel1.win32_1.0.0.202411081344/tools/bin/../lib/gcc/arm-none-eabi/13.3.1/thumb/v7-m/nofp/crtbegin.o
                [!provide]                        PROVIDE (__fini_array_end = .)
                0x08003070                        . = ALIGN (0x4)
                0x08003070                        _sidata = LOADADDR (.data)

.rel.dyn        0x08003070        0x0
 .rel.iplt      0x08003070        0x0 C:/ST/STM32CubeIDE_1.19.0/STM32CubeIDE/plugins/com.st.stm32cube.ide.mcu.externaltools.gnu-tools-for-stm32.13.3.rel1.win32_1.0.0.202411081344/tools/bin/../lib/gcc/arm-none-eabi/13.3.1/thumb/v7-m/nofp/crtbegin.o

.data           0x20000000       0x50 load address 0x08003070
                0x20000000                        . = ALIGN (0x4)
                0x20000000                        _sdata = .
 *(.data)
 *(.data*)
 .data._impure_ptr
                0x20000000        0x4 C:/ST/STM32CubeIDE_1.19.0/STM32CubeIDE/plugins/com.st.stm32cube.ide.mcu.externaltools.gnu-tools-for-stm32.13.3.rel1.win32_1.0.0.202411081344/tools/bin/../lib/gcc/arm-none-eabi/13.3.1/../../../../arm-none-eabi/lib/thumb/v7-m/nofp\libc_nano.a(libc_a-impure.o)
                0x20000000                _impure_ptr
 .data._impure_data
                0x20000004       0x4c C:/ST/STM32CubeIDE_1.19.0/STM32CubeIDE/plugins/com.st.stm32cube.ide.mcu.externaltools.gnu-tools-for-stm32.13.3.rel1.win32_1.0.0.202411081344/tools/bin/../lib/gcc/arm-none-eabi/13.3.1/../../../../arm-none-eabi/lib/thumb/v7-m/nofp\libc_nano.a(libc_a-impure.o)
                0x20000004                _impure_data
 *(.RamFunc)
 *(.RamFunc*)
                0x20000050                        . = ALIGN (0x4)
                0x20000050                        _edata = .

.igot.plt       0x20000050        0x0 load address 0x080030c0
 .igot.plt      0x20000050        0x0 C:/ST/STM32CubeIDE_1.19.0/STM32CubeIDE/plugins/com.st.stm32cube.ide.mcu.externaltools.gnu-tools-for-stm32.13.3.rel1.win32_1.0.0.202411081344/tools/bin/../lib/gcc/arm-none-eabi/13.3.1/thumb/v7-m/nofp/crtbegin.o
                0x20000050                        . = ALIGN (0x4)

.bss            0x20000050      0x23c load address 0x080030c0
                0x20000050                        _sbss = .
                0x20000050                        __bss_start__ = _sbss
 *(.bss)
 .bss           0x20000050       0x1c C:/ST/STM32CubeIDE_1.19.0/STM32CubeIDE/plugins/com.st.stm32cube.ide.mcu.externaltools.gnu-tools-for-stm32.13.3.rel1.win32_1.0.0.202411081344/tools/bin/../lib/gcc/arm-none-eabi/13.3.1/thumb/v7-m/nofp/crtbegin.o
 *(.bss*)
 .bss.mtick     0x2000006c        0x4 ./Core/Src/Drone_final.o
                0x2000006c                mtick
 .bss.gx        0x20000070        0x2 ./Core/Src/mpu6050.o
                0x20000070                gx
 .bss.gy        0x20000072        0x2 ./Core/Src/mpu6050.o
                0x20000072                gy
 .bss.gz        0x20000074        0x2 ./Core/Src/mpu6050.o
                0x20000074                gz
 .bss.ax        0x20000076        0x2 ./Core/Src/mpu6050.o
                0x20000076                ax
 .bss.ay        0x20000078        0x2 ./Core/Src/mpu6050.o
                0x20000078                ay
 .bss.az        0x2000007a        0x2 ./Core/Src/mpu6050.o
                0x2000007a                az
 .bss.Ax        0x2000007c        0x4 ./Core/Src/mpu6050.o
                0x2000007c                Ax
 .bss.Ay        0x20000080        0x4 ./Core/Src/mpu6050.o
                0x20000080                Ay
 .bss.Az        0x20000084        0x4 ./Core/Src/mpu6050.o
                0x20000084                Az
 .bss.Gx        0x20000088        0x4 ./Core/Src/mpu6050.o
                0x20000088                Gx
 .bss.Gy        0x2000008c        0x4 ./Core/Src/mpu6050.o
                0x2000008c                Gy
 .bss.Gz        0x20000090        0x4 ./Core/Src/mpu6050.o
                0x20000090                Gz
 .bss.roll_out  0x20000094        0x4 ./Core/Src/mpu6050.o
                0x20000094                roll_out
 .bss.pitch_out
                0x20000098        0x4 ./Core/Src/mpu6050.o
                0x20000098                pitch_out
 .bss.pidGocRoll
                0x2000009c       0x2c ./Core/Src/pid.o
                0x2000009c                pidGocRoll
 .bss.pidGocPitch
                0x200000c8       0x2c ./Core/Src/pid.o
                0x200000c8                pidGocPitch
 .bss.pidTocDoRoll
                0x200000f4       0x2c ./Core/Src/pid.o
                0x200000f4                pidTocDoRoll
 .bss.pidTocDoPitch
                0x20000120       0x2c ./Core/Src/pid.o
                0x20000120                pidTocDoPitch
 .bss.m1        0x2000014c        0x2 ./Core/Src/pid.o
                0x2000014c                m1
 .bss.m2        0x2000014e        0x2 ./Core/Src/pid.o
                0x2000014e                m2
 .bss.m3        0x20000150        0x2 ./Core/Src/pid.o
                0x20000150                m3
 .bss.m4        0x20000152        0x2 ./Core/Src/pid.o
                0x20000152                m4
 .bss.__sf      0x20000154      0x138 C:/ST/STM32CubeIDE_1.19.0/STM32CubeIDE/plugins/com.st.stm32cube.ide.mcu.externaltools.gnu-tools-for-stm32.13.3.rel1.win32_1.0.0.202411081344/tools/bin/../lib/gcc/arm-none-eabi/13.3.1/../../../../arm-none-eabi/lib/thumb/v7-m/nofp\libc_nano.a(libc_a-findfp.o)
                0x20000154                __sf
 *(COMMON)
                0x2000028c                        . = ALIGN (0x4)
                0x2000028c                        _ebss = .
                0x2000028c                        __bss_end__ = _ebss

._user_heap_stack
                0x2000028c      0x604 load address 0x080030c0
                0x20000290                        . = ALIGN (0x8)
 *fill*         0x2000028c        0x4 
                [!provide]                        PROVIDE (end = .)
                0x20000290                        PROVIDE (_end = .)
                0x20000490                        . = (. + _Min_Heap_Size)
 *fill*         0x20000290      0x200 
                0x20000890                        . = (. + _Min_Stack_Size)
 *fill*         0x20000490      0x400 
                0x20000890                        . = ALIGN (0x8)

/DISCARD/
 libc.a(*)
 libm.a(*)
 libgcc.a(*)

.ARM.attributes
                0x00000000       0x29
 *(.ARM.attributes)
 .ARM.attributes
                0x00000000       0x1d C:/ST/STM32CubeIDE_1.19.0/STM32CubeIDE/plugins/com.st.stm32cube.ide.mcu.externaltools.gnu-tools-for-stm32.13.3.rel1.win32_1.0.0.202411081344/tools/bin/../lib/gcc/arm-none-eabi/13.3.1/thumb/v7-m/nofp/crti.o
 .ARM.attributes
                0x0000001d       0x2d C:/ST/STM32CubeIDE_1.19.0/STM32CubeIDE/plugins/com.st.stm32cube.ide.mcu.externaltools.gnu-tools-for-stm32.13.3.rel1.win32_1.0.0.202411081344/tools/bin/../lib/gcc/arm-none-eabi/13.3.1/thumb/v7-m/nofp/crtbegin.o
 .ARM.attributes
                0x0000004a       0x2d ./Core/Src/Drone_final.o
 .ARM.attributes
                0x00000077       0x2d ./Core/Src/NRF24.o
 .ARM.attributes
                0x000000a4       0x2d ./Core/Src/i2c.o
 .ARM.attributes
                0x000000d1       0x2d ./Core/Src/mpu6050.o
 .ARM.attributes
                0x000000fe       0x2d ./Core/Src/pid.o
 .ARM.attributes
                0x0000012b       0x2d ./Core/Src/spi.o
 .ARM.attributes
                0x00000158       0x2d ./Core/Src/system_stm32f1xx.o
 .ARM.attributes
                0x00000185       0x21 ./Core/Startup/startup_stm32f103c8tx.o
 .ARM.attributes
                0x000001a6       0x2d C:/ST/STM32CubeIDE_1.19.0/STM32CubeIDE/plugins/com.st.stm32cube.ide.mcu.externaltools.gnu-tools-for-stm32.13.3.rel1.win32_1.0.0.202411081344/tools/bin/../lib/gcc/arm-none-eabi/13.3.1/../../../../arm-none-eabi/lib/thumb/v7-m/nofp\libc_nano.a(libc_a-findfp.o)
 .ARM.attributes
                0x000001d3       0x2d C:/ST/STM32CubeIDE_1.19.0/STM32CubeIDE/plugins/com.st.stm32cube.ide.mcu.externaltools.gnu-tools-for-stm32.13.3.rel1.win32_1.0.0.202411081344/tools/bin/../lib/gcc/arm-none-eabi/13.3.1/../../../../arm-none-eabi/lib/thumb/v7-m/nofp\libc_nano.a(libc_a-impure.o)
 .ARM.attributes
                0x00000200       0x2d C:/ST/STM32CubeIDE_1.19.0/STM32CubeIDE/plugins/com.st.stm32cube.ide.mcu.externaltools.gnu-tools-for-stm32.13.3.rel1.win32_1.0.0.202411081344/tools/bin/../lib/gcc/arm-none-eabi/13.3.1/../../../../arm-none-eabi/lib/thumb/v7-m/nofp\libc_nano.a(libc_a-errno.o)
 .ARM.attributes
                0x0000022d       0x2d C:/ST/STM32CubeIDE_1.19.0/STM32CubeIDE/plugins/com.st.stm32cube.ide.mcu.externaltools.gnu-tools-for-stm32.13.3.rel1.win32_1.0.0.202411081344/tools/bin/../lib/gcc/arm-none-eabi/13.3.1/../../../../arm-none-eabi/lib/thumb/v7-m/nofp\libc_nano.a(libc_a-init.o)
 .ARM.attributes
                0x0000025a       0x2d C:/ST/STM32CubeIDE_1.19.0/STM32CubeIDE/plugins/com.st.stm32cube.ide.mcu.externaltools.gnu-tools-for-stm32.13.3.rel1.win32_1.0.0.202411081344/tools/bin/../lib/gcc/arm-none-eabi/13.3.1/../../../../arm-none-eabi/lib/thumb/v7-m/nofp\libm.a(libm_a-w_atan2.o)
 .ARM.attributes
                0x00000287       0x2d C:/ST/STM32CubeIDE_1.19.0/STM32CubeIDE/plugins/com.st.stm32cube.ide.mcu.externaltools.gnu-tools-for-stm32.13.3.rel1.win32_1.0.0.202411081344/tools/bin/../lib/gcc/arm-none-eabi/13.3.1/../../../../arm-none-eabi/lib/thumb/v7-m/nofp\libm.a(libm_a-w_sqrt.o)
 .ARM.attributes
                0x000002b4       0x2d C:/ST/STM32CubeIDE_1.19.0/STM32CubeIDE/plugins/com.st.stm32cube.ide.mcu.externaltools.gnu-tools-for-stm32.13.3.rel1.win32_1.0.0.202411081344/tools/bin/../lib/gcc/arm-none-eabi/13.3.1/../../../../arm-none-eabi/lib/thumb/v7-m/nofp\libm.a(libm_a-e_sqrt.o)
 .ARM.attributes
                0x000002e1       0x2d C:/ST/STM32CubeIDE_1.19.0/STM32CubeIDE/plugins/com.st.stm32cube.ide.mcu.externaltools.gnu-tools-for-stm32.13.3.rel1.win32_1.0.0.202411081344/tools/bin/../lib/gcc/arm-none-eabi/13.3.1/../../../../arm-none-eabi/lib/thumb/v7-m/nofp\libm.a(libm_a-e_atan2.o)
 .ARM.attributes
                0x0000030e       0x2d C:/ST/STM32CubeIDE_1.19.0/STM32CubeIDE/plugins/com.st.stm32cube.ide.mcu.externaltools.gnu-tools-for-stm32.13.3.rel1.win32_1.0.0.202411081344/tools/bin/../lib/gcc/arm-none-eabi/13.3.1/../../../../arm-none-eabi/lib/thumb/v7-m/nofp\libm.a(libm_a-s_atan.o)
 .ARM.attributes
                0x0000033b       0x2d C:/ST/STM32CubeIDE_1.19.0/STM32CubeIDE/plugins/com.st.stm32cube.ide.mcu.externaltools.gnu-tools-for-stm32.13.3.rel1.win32_1.0.0.202411081344/tools/bin/../lib/gcc/arm-none-eabi/13.3.1/../../../../arm-none-eabi/lib/thumb/v7-m/nofp\libm.a(libm_a-s_fabs.o)
 .ARM.attributes
                0x00000368       0x1d C:/ST/STM32CubeIDE_1.19.0/STM32CubeIDE/plugins/com.st.stm32cube.ide.mcu.externaltools.gnu-tools-for-stm32.13.3.rel1.win32_1.0.0.202411081344/tools/bin/../lib/gcc/arm-none-eabi/13.3.1/thumb/v7-m/nofp\libgcc.a(_arm_addsubdf3.o)
 .ARM.attributes
                0x00000385       0x1d C:/ST/STM32CubeIDE_1.19.0/STM32CubeIDE/plugins/com.st.stm32cube.ide.mcu.externaltools.gnu-tools-for-stm32.13.3.rel1.win32_1.0.0.202411081344/tools/bin/../lib/gcc/arm-none-eabi/13.3.1/thumb/v7-m/nofp\libgcc.a(_arm_muldivdf3.o)
 .ARM.attributes
                0x000003a2       0x1d C:/ST/STM32CubeIDE_1.19.0/STM32CubeIDE/plugins/com.st.stm32cube.ide.mcu.externaltools.gnu-tools-for-stm32.13.3.rel1.win32_1.0.0.202411081344/tools/bin/../lib/gcc/arm-none-eabi/13.3.1/thumb/v7-m/nofp\libgcc.a(_arm_cmpdf2.o)
 .ARM.attributes
                0x000003bf       0x1d C:/ST/STM32CubeIDE_1.19.0/STM32CubeIDE/plugins/com.st.stm32cube.ide.mcu.externaltools.gnu-tools-for-stm32.13.3.rel1.win32_1.0.0.202411081344/tools/bin/../lib/gcc/arm-none-eabi/13.3.1/thumb/v7-m/nofp\libgcc.a(_arm_unorddf2.o)
 .ARM.attributes
                0x000003dc       0x1d C:/ST/STM32CubeIDE_1.19.0/STM32CubeIDE/plugins/com.st.stm32cube.ide.mcu.externaltools.gnu-tools-for-stm32.13.3.rel1.win32_1.0.0.202411081344/tools/bin/../lib/gcc/arm-none-eabi/13.3.1/thumb/v7-m/nofp\libgcc.a(_arm_truncdfsf2.o)
 .ARM.attributes
                0x000003f9       0x1d C:/ST/STM32CubeIDE_1.19.0/STM32CubeIDE/plugins/com.st.stm32cube.ide.mcu.externaltools.gnu-tools-for-stm32.13.3.rel1.win32_1.0.0.202411081344/tools/bin/../lib/gcc/arm-none-eabi/13.3.1/thumb/v7-m/nofp\libgcc.a(_arm_addsubsf3.o)
 .ARM.attributes
                0x00000416       0x1d C:/ST/STM32CubeIDE_1.19.0/STM32CubeIDE/plugins/com.st.stm32cube.ide.mcu.externaltools.gnu-tools-for-stm32.13.3.rel1.win32_1.0.0.202411081344/tools/bin/../lib/gcc/arm-none-eabi/13.3.1/thumb/v7-m/nofp\libgcc.a(_arm_muldivsf3.o)
 .ARM.attributes
                0x00000433       0x1d C:/ST/STM32CubeIDE_1.19.0/STM32CubeIDE/plugins/com.st.stm32cube.ide.mcu.externaltools.gnu-tools-for-stm32.13.3.rel1.win32_1.0.0.202411081344/tools/bin/../lib/gcc/arm-none-eabi/13.3.1/thumb/v7-m/nofp\libgcc.a(_arm_cmpsf2.o)
 .ARM.attributes
                0x00000450       0x1d C:/ST/STM32CubeIDE_1.19.0/STM32CubeIDE/plugins/com.st.stm32cube.ide.mcu.externaltools.gnu-tools-for-stm32.13.3.rel1.win32_1.0.0.202411081344/tools/bin/../lib/gcc/arm-none-eabi/13.3.1/thumb/v7-m/nofp\libgcc.a(_arm_fixunssfsi.o)
 .ARM.attributes
                0x0000046d       0x1d C:/ST/STM32CubeIDE_1.19.0/STM32CubeIDE/plugins/com.st.stm32cube.ide.mcu.externaltools.gnu-tools-for-stm32.13.3.rel1.win32_1.0.0.202411081344/tools/bin/../lib/gcc/arm-none-eabi/13.3.1/thumb/v7-m/nofp/crtn.o
OUTPUT(Drone_final.elf elf32-littlearm)
LOAD linker stubs
LOAD C:/ST/STM32CubeIDE_1.19.0/STM32CubeIDE/plugins/com.st.stm32cube.ide.mcu.externaltools.gnu-tools-for-stm32.13.3.rel1.win32_1.0.0.202411081344/tools/bin/../lib/gcc/arm-none-eabi/13.3.1/../../../../arm-none-eabi/lib/thumb/v7-m/nofp\libc.a
LOAD C:/ST/STM32CubeIDE_1.19.0/STM32CubeIDE/plugins/com.st.stm32cube.ide.mcu.externaltools.gnu-tools-for-stm32.13.3.rel1.win32_1.0.0.202411081344/tools/bin/../lib/gcc/arm-none-eabi/13.3.1/../../../../arm-none-eabi/lib/thumb/v7-m/nofp\libm.a
LOAD C:/ST/STM32CubeIDE_1.19.0/STM32CubeIDE/plugins/com.st.stm32cube.ide.mcu.externaltools.gnu-tools-for-stm32.13.3.rel1.win32_1.0.0.202411081344/tools/bin/../lib/gcc/arm-none-eabi/13.3.1/thumb/v7-m/nofp\libgcc.a

.debug_info     0x00000000     0x1d0f
 .debug_info    0x00000000      0x705 ./Core/Src/Drone_final.o
 .debug_info    0x00000705      0x529 ./Core/Src/NRF24.o
 .debug_info    0x00000c2e      0x312 ./Core/Src/i2c.o
 .debug_info    0x00000f40      0x3ba ./Core/Src/mpu6050.o
 .debug_info    0x000012fa      0x51f ./Core/Src/pid.o
 .debug_info    0x00001819      0x2a4 ./Core/Src/spi.o
 .debug_info    0x00001abd      0x222 ./Core/Src/system_stm32f1xx.o
 .debug_info    0x00001cdf       0x30 ./Core/Startup/startup_stm32f103c8tx.o

.debug_abbrev   0x00000000      0x99d
 .debug_abbrev  0x00000000      0x210 ./Core/Src/Drone_final.o
 .debug_abbrev  0x00000210      0x1a9 ./Core/Src/NRF24.o
 .debug_abbrev  0x000003b9      0x11d ./Core/Src/i2c.o
 .debug_abbrev  0x000004d6      0x125 ./Core/Src/mpu6050.o
 .debug_abbrev  0x000005fb      0x152 ./Core/Src/pid.o
 .debug_abbrev  0x0000074d       0xed ./Core/Src/spi.o
 .debug_abbrev  0x0000083a      0x13f ./Core/Src/system_stm32f1xx.o
 .debug_abbrev  0x00000979       0x24 ./Core/Startup/startup_stm32f103c8tx.o

.debug_aranges  0x00000000      0x240
 .debug_aranges
                0x00000000       0x50 ./Core/Src/Drone_final.o
 .debug_aranges
                0x00000050       0xb8 ./Core/Src/NRF24.o
 .debug_aranges
                0x00000108       0x30 ./Core/Src/i2c.o
 .debug_aranges
                0x00000138       0x38 ./Core/Src/mpu6050.o
 .debug_aranges
                0x00000170       0x50 ./Core/Src/pid.o
 .debug_aranges
                0x000001c0       0x30 ./Core/Src/spi.o
 .debug_aranges
                0x000001f0       0x28 ./Core/Src/system_stm32f1xx.o
 .debug_aranges
                0x00000218       0x28 ./Core/Startup/startup_stm32f103c8tx.o

.debug_rnglists
                0x00000000      0x197
 .debug_rnglists
                0x00000000       0x39 ./Core/Src/Drone_final.o
 .debug_rnglists
                0x00000039       0x87 ./Core/Src/NRF24.o
 .debug_rnglists
                0x000000c0       0x22 ./Core/Src/i2c.o
 .debug_rnglists
                0x000000e2       0x28 ./Core/Src/mpu6050.o
 .debug_rnglists
                0x0000010a       0x3b ./Core/Src/pid.o
 .debug_rnglists
                0x00000145       0x1f ./Core/Src/spi.o
 .debug_rnglists
                0x00000164       0x1a ./Core/Src/system_stm32f1xx.o
 .debug_rnglists
                0x0000017e       0x19 ./Core/Startup/startup_stm32f103c8tx.o

.debug_macro    0x00000000    0x11259
 .debug_macro   0x00000000      0x197 ./Core/Src/Drone_final.o
 .debug_macro   0x00000197      0xacc ./Core/Src/Drone_final.o
 .debug_macro   0x00000c63       0x22 ./Core/Src/Drone_final.o
 .debug_macro   0x00000c85       0x22 ./Core/Src/Drone_final.o
 .debug_macro   0x00000ca7       0x8e ./Core/Src/Drone_final.o
 .debug_macro   0x00000d35       0x51 ./Core/Src/Drone_final.o
 .debug_macro   0x00000d86      0x103 ./Core/Src/Drone_final.o
 .debug_macro   0x00000e89       0x6a ./Core/Src/Drone_final.o
 .debug_macro   0x00000ef3      0x1df ./Core/Src/Drone_final.o
 .debug_macro   0x000010d2       0x1c ./Core/Src/Drone_final.o
 .debug_macro   0x000010ee       0x22 ./Core/Src/Drone_final.o
 .debug_macro   0x00001110       0xbd ./Core/Src/Drone_final.o
 .debug_macro   0x000011cd      0xd23 ./Core/Src/Drone_final.o
 .debug_macro   0x00001ef0     0xe09e ./Core/Src/Drone_final.o
 .debug_macro   0x0000ff8e       0xf4 ./Core/Src/Drone_final.o
 .debug_macro   0x00010082       0x10 ./Core/Src/Drone_final.o
 .debug_macro   0x00010092       0x61 ./Core/Src/Drone_final.o
 .debug_macro   0x000100f3       0x24 ./Core/Src/Drone_final.o
 .debug_macro   0x00010117       0x43 ./Core/Src/Drone_final.o
 .debug_macro   0x0001015a       0x34 ./Core/Src/Drone_final.o
 .debug_macro   0x0001018e      0x190 ./Core/Src/Drone_final.o
 .debug_macro   0x0001031e      0x370 ./Core/Src/Drone_final.o
 .debug_macro   0x0001068e       0x16 ./Core/Src/Drone_final.o
 .debug_macro   0x000106a4       0x4a ./Core/Src/Drone_final.o
 .debug_macro   0x000106ee       0x34 ./Core/Src/Drone_final.o
 .debug_macro   0x00010722       0x10 ./Core/Src/Drone_final.o
 .debug_macro   0x00010732       0x58 ./Core/Src/Drone_final.o
 .debug_macro   0x0001078a       0x8e ./Core/Src/Drone_final.o
 .debug_macro   0x00010818       0x1c ./Core/Src/Drone_final.o
 .debug_macro   0x00010834      0x185 ./Core/Src/Drone_final.o
 .debug_macro   0x000109b9      0x19b ./Core/Src/Drone_final.o
 .debug_macro   0x00010b54       0x10 ./Core/Src/Drone_final.o
 .debug_macro   0x00010b64       0x16 ./Core/Src/Drone_final.o
 .debug_macro   0x00010b7a       0xc6 ./Core/Src/NRF24.o
 .debug_macro   0x00010c40       0xbd ./Core/Src/i2c.o
 .debug_macro   0x00010cfd      0x17c ./Core/Src/mpu6050.o
 .debug_macro   0x00010e79      0x18b ./Core/Src/pid.o
 .debug_macro   0x00011004       0x10 ./Core/Src/pid.o
 .debug_macro   0x00011014       0xb7 ./Core/Src/spi.o
 .debug_macro   0x000110cb      0x18e ./Core/Src/system_stm32f1xx.o

.debug_line     0x00000000     0x38d8
 .debug_line    0x00000000      0x8ab ./Core/Src/Drone_final.o
 .debug_line    0x000008ab      0x856 ./Core/Src/NRF24.o
 .debug_line    0x00001101      0x811 ./Core/Src/i2c.o
 .debug_line    0x00001912      0x801 ./Core/Src/mpu6050.o
 .debug_line    0x00002113      0x8ee ./Core/Src/pid.o
 .debug_line    0x00002a01      0x636 ./Core/Src/spi.o
 .debug_line    0x00003037      0x829 ./Core/Src/system_stm32f1xx.o
 .debug_line    0x00003860       0x78 ./Core/Startup/startup_stm32f103c8tx.o

.debug_str      0x00000000    0x80637
 .debug_str     0x00000000    0x80637 ./Core/Src/Drone_final.o
                              0x58212 (size before relaxing)
 .debug_str     0x00080637    0x543d6 ./Core/Src/NRF24.o
 .debug_str     0x00080637    0x54080 ./Core/Src/i2c.o
 .debug_str     0x00080637    0x57d91 ./Core/Src/mpu6050.o
 .debug_str     0x00080637    0x57f2a ./Core/Src/pid.o
 .debug_str     0x00080637    0x54032 ./Core/Src/spi.o
 .debug_str     0x00080637    0x7c6fd ./Core/Src/system_stm32f1xx.o
 .debug_str     0x00080637       0x83 ./Core/Startup/startup_stm32f103c8tx.o

.comment        0x00000000       0x43
 .comment       0x00000000       0x43 ./Core/Src/Drone_final.o
                                 0x44 (size before relaxing)
 .comment       0x00000043       0x44 ./Core/Src/NRF24.o
 .comment       0x00000043       0x44 ./Core/Src/i2c.o
 .comment       0x00000043       0x44 ./Core/Src/mpu6050.o
 .comment       0x00000043       0x44 ./Core/Src/pid.o
 .comment       0x00000043       0x44 ./Core/Src/spi.o
 .comment       0x00000043       0x44 ./Core/Src/system_stm32f1xx.o

.debug_frame    0x00000000      0xd10
 .debug_frame   0x00000000      0x108 ./Core/Src/Drone_final.o
 .debug_frame   0x00000108      0x2b4 ./Core/Src/NRF24.o
 .debug_frame   0x000003bc       0x80 ./Core/Src/i2c.o
 .debug_frame   0x0000043c       0xa8 ./Core/Src/mpu6050.o
 .debug_frame   0x000004e4      0x128 ./Core/Src/pid.o
 .debug_frame   0x0000060c       0x80 ./Core/Src/spi.o
 .debug_frame   0x0000068c       0x58 ./Core/Src/system_stm32f1xx.o
 .debug_frame   0x000006e4      0x144 C:/ST/STM32CubeIDE_1.19.0/STM32CubeIDE/plugins/com.st.stm32cube.ide.mcu.externaltools.gnu-tools-for-stm32.13.3.rel1.win32_1.0.0.202411081344/tools/bin/../lib/gcc/arm-none-eabi/13.3.1/../../../../arm-none-eabi/lib/thumb/v7-m/nofp\libc_nano.a(libc_a-findfp.o)
 .debug_frame   0x00000828       0x20 C:/ST/STM32CubeIDE_1.19.0/STM32CubeIDE/plugins/com.st.stm32cube.ide.mcu.externaltools.gnu-tools-for-stm32.13.3.rel1.win32_1.0.0.202411081344/tools/bin/../lib/gcc/arm-none-eabi/13.3.1/../../../../arm-none-eabi/lib/thumb/v7-m/nofp\libc_nano.a(libc_a-errno.o)
 .debug_frame   0x00000848       0x2c C:/ST/STM32CubeIDE_1.19.0/STM32CubeIDE/plugins/com.st.stm32cube.ide.mcu.externaltools.gnu-tools-for-stm32.13.3.rel1.win32_1.0.0.202411081344/tools/bin/../lib/gcc/arm-none-eabi/13.3.1/../../../../arm-none-eabi/lib/thumb/v7-m/nofp\libc_nano.a(libc_a-init.o)
 .debug_frame   0x00000874       0x20 C:/ST/STM32CubeIDE_1.19.0/STM32CubeIDE/plugins/com.st.stm32cube.ide.mcu.externaltools.gnu-tools-for-stm32.13.3.rel1.win32_1.0.0.202411081344/tools/bin/../lib/gcc/arm-none-eabi/13.3.1/../../../../arm-none-eabi/lib/thumb/v7-m/nofp\libm.a(libm_a-w_atan2.o)
 .debug_frame   0x00000894       0x30 C:/ST/STM32CubeIDE_1.19.0/STM32CubeIDE/plugins/com.st.stm32cube.ide.mcu.externaltools.gnu-tools-for-stm32.13.3.rel1.win32_1.0.0.202411081344/tools/bin/../lib/gcc/arm-none-eabi/13.3.1/../../../../arm-none-eabi/lib/thumb/v7-m/nofp\libm.a(libm_a-w_sqrt.o)
 .debug_frame   0x000008c4       0x38 C:/ST/STM32CubeIDE_1.19.0/STM32CubeIDE/plugins/com.st.stm32cube.ide.mcu.externaltools.gnu-tools-for-stm32.13.3.rel1.win32_1.0.0.202411081344/tools/bin/../lib/gcc/arm-none-eabi/13.3.1/../../../../arm-none-eabi/lib/thumb/v7-m/nofp\libm.a(libm_a-e_sqrt.o)
 .debug_frame   0x000008fc       0x48 C:/ST/STM32CubeIDE_1.19.0/STM32CubeIDE/plugins/com.st.stm32cube.ide.mcu.externaltools.gnu-tools-for-stm32.13.3.rel1.win32_1.0.0.202411081344/tools/bin/../lib/gcc/arm-none-eabi/13.3.1/../../../../arm-none-eabi/lib/thumb/v7-m/nofp\libm.a(libm_a-e_atan2.o)
 .debug_frame   0x00000944       0x38 C:/ST/STM32CubeIDE_1.19.0/STM32CubeIDE/plugins/com.st.stm32cube.ide.mcu.externaltools.gnu-tools-for-stm32.13.3.rel1.win32_1.0.0.202411081344/tools/bin/../lib/gcc/arm-none-eabi/13.3.1/../../../../arm-none-eabi/lib/thumb/v7-m/nofp\libm.a(libm_a-s_atan.o)
 .debug_frame   0x0000097c       0x20 C:/ST/STM32CubeIDE_1.19.0/STM32CubeIDE/plugins/com.st.stm32cube.ide.mcu.externaltools.gnu-tools-for-stm32.13.3.rel1.win32_1.0.0.202411081344/tools/bin/../lib/gcc/arm-none-eabi/13.3.1/../../../../arm-none-eabi/lib/thumb/v7-m/nofp\libm.a(libm_a-s_fabs.o)
 .debug_frame   0x0000099c       0xac C:/ST/STM32CubeIDE_1.19.0/STM32CubeIDE/plugins/com.st.stm32cube.ide.mcu.externaltools.gnu-tools-for-stm32.13.3.rel1.win32_1.0.0.202411081344/tools/bin/../lib/gcc/arm-none-eabi/13.3.1/thumb/v7-m/nofp\libgcc.a(_arm_addsubdf3.o)
 .debug_frame   0x00000a48       0x50 C:/ST/STM32CubeIDE_1.19.0/STM32CubeIDE/plugins/com.st.stm32cube.ide.mcu.externaltools.gnu-tools-for-stm32.13.3.rel1.win32_1.0.0.202411081344/tools/bin/../lib/gcc/arm-none-eabi/13.3.1/thumb/v7-m/nofp\libgcc.a(_arm_muldivdf3.o)
 .debug_frame   0x00000a98       0xc4 C:/ST/STM32CubeIDE_1.19.0/STM32CubeIDE/plugins/com.st.stm32cube.ide.mcu.externaltools.gnu-tools-for-stm32.13.3.rel1.win32_1.0.0.202411081344/tools/bin/../lib/gcc/arm-none-eabi/13.3.1/thumb/v7-m/nofp\libgcc.a(_arm_cmpdf2.o)
 .debug_frame   0x00000b5c       0x20 C:/ST/STM32CubeIDE_1.19.0/STM32CubeIDE/plugins/com.st.stm32cube.ide.mcu.externaltools.gnu-tools-for-stm32.13.3.rel1.win32_1.0.0.202411081344/tools/bin/../lib/gcc/arm-none-eabi/13.3.1/thumb/v7-m/nofp\libgcc.a(_arm_unorddf2.o)
 .debug_frame   0x00000b7c       0x24 C:/ST/STM32CubeIDE_1.19.0/STM32CubeIDE/plugins/com.st.stm32cube.ide.mcu.externaltools.gnu-tools-for-stm32.13.3.rel1.win32_1.0.0.202411081344/tools/bin/../lib/gcc/arm-none-eabi/13.3.1/thumb/v7-m/nofp\libgcc.a(_arm_truncdfsf2.o)
 .debug_frame   0x00000ba0       0x4c C:/ST/STM32CubeIDE_1.19.0/STM32CubeIDE/plugins/com.st.stm32cube.ide.mcu.externaltools.gnu-tools-for-stm32.13.3.rel1.win32_1.0.0.202411081344/tools/bin/../lib/gcc/arm-none-eabi/13.3.1/thumb/v7-m/nofp\libgcc.a(_arm_addsubsf3.o)
 .debug_frame   0x00000bec       0x38 C:/ST/STM32CubeIDE_1.19.0/STM32CubeIDE/plugins/com.st.stm32cube.ide.mcu.externaltools.gnu-tools-for-stm32.13.3.rel1.win32_1.0.0.202411081344/tools/bin/../lib/gcc/arm-none-eabi/13.3.1/thumb/v7-m/nofp\libgcc.a(_arm_muldivsf3.o)
 .debug_frame   0x00000c24       0xc8 C:/ST/STM32CubeIDE_1.19.0/STM32CubeIDE/plugins/com.st.stm32cube.ide.mcu.externaltools.gnu-tools-for-stm32.13.3.rel1.win32_1.0.0.202411081344/tools/bin/../lib/gcc/arm-none-eabi/13.3.1/thumb/v7-m/nofp\libgcc.a(_arm_cmpsf2.o)
 .debug_frame   0x00000cec       0x24 C:/ST/STM32CubeIDE_1.19.0/STM32CubeIDE/plugins/com.st.stm32cube.ide.mcu.externaltools.gnu-tools-for-stm32.13.3.rel1.win32_1.0.0.202411081344/tools/bin/../lib/gcc/arm-none-eabi/13.3.1/thumb/v7-m/nofp\libgcc.a(_arm_fixunssfsi.o)

.debug_line_str
                0x00000000       0x67
 .debug_line_str
                0x00000000       0x67 ./Core/Startup/startup_stm32f103c8tx.o
